
Merging program properties

Removed property 0xc0000000 to merge /opt/arm-gnu-toolchain-15.2.rel1-x86_64-aarch64-none-linux-gnu/bin/../aarch64-none-linux-gnu/libc/usr/lib/../lib64/crti.o (0x7) and /opt/arm-gnu-toolchain-15.2.rel1-x86_64-aarch64-none-linux-gnu/bin/../aarch64-none-linux-gnu/libc/usr/lib/../lib64/crt1.o (not found)
Removed property 0xc0000000 to merge /opt/arm-gnu-toolchain-15.2.rel1-x86_64-aarch64-none-linux-gnu/bin/../aarch64-none-linux-gnu/libc/usr/lib/../lib64/crti.o (not found) and /opt/arm-gnu-toolchain-15.2.rel1-x86_64-aarch64-none-linux-gnu/bin/../aarch64-none-linux-gnu/libc/usr/lib/../lib64/crtn.o (0x7)

Discarded input sections

 .note.gnu.property
                0x0000000000000000       0x20 /opt/arm-gnu-toolchain-15.2.rel1-x86_64-aarch64-none-linux-gnu/bin/../aarch64-none-linux-gnu/libc/usr/lib/../lib64/crti.o
 .note.gnu.property
                0x0000000000000000       0x20 /opt/arm-gnu-toolchain-15.2.rel1-x86_64-aarch64-none-linux-gnu/bin/../aarch64-none-linux-gnu/libc/usr/lib/../lib64/crtn.o

Memory Configuration

Name             Origin             Length             Attributes
*default*        0x0000000000000000 0xffffffffffffffff

Linker script and memory map

LOAD /opt/arm-gnu-toolchain-15.2.rel1-x86_64-aarch64-none-linux-gnu/bin/../aarch64-none-linux-gnu/libc/usr/lib/../lib64/crt1.o
LOAD /opt/arm-gnu-toolchain-15.2.rel1-x86_64-aarch64-none-linux-gnu/bin/../aarch64-none-linux-gnu/libc/usr/lib/../lib64/crti.o
LOAD /opt/arm-gnu-toolchain-15.2.rel1-x86_64-aarch64-none-linux-gnu/bin/../lib/gcc/aarch64-none-linux-gnu/15.2.1/crtbegin.o
LOAD writer.o
LOAD /opt/arm-gnu-toolchain-15.2.rel1-x86_64-aarch64-none-linux-gnu/bin/../lib/gcc/aarch64-none-linux-gnu/15.2.1/libgcc.a
LOAD /opt/arm-gnu-toolchain-15.2.rel1-x86_64-aarch64-none-linux-gnu/bin/../lib/gcc/aarch64-none-linux-gnu/15.2.1/../../../../aarch64-none-linux-gnu/lib/../lib64/libgcc_s.so
START GROUP
LOAD /opt/arm-gnu-toolchain-15.2.rel1-x86_64-aarch64-none-linux-gnu/bin/../lib/gcc/aarch64-none-linux-gnu/15.2.1/../../../../aarch64-none-linux-gnu/lib/../lib64/libgcc_s.so.1
LOAD /opt/arm-gnu-toolchain-15.2.rel1-x86_64-aarch64-none-linux-gnu/bin/../lib/gcc/aarch64-none-linux-gnu/15.2.1/libgcc.a
END GROUP
LOAD /opt/arm-gnu-toolchain-15.2.rel1-x86_64-aarch64-none-linux-gnu/bin/../aarch64-none-linux-gnu/libc/usr/lib/../lib64/libc.so
START GROUP
LOAD /opt/arm-gnu-toolchain-15.2.rel1-x86_64-aarch64-none-linux-gnu/bin/../aarch64-none-linux-gnu/libc/lib64/libc.so.6
LOAD /opt/arm-gnu-toolchain-15.2.rel1-x86_64-aarch64-none-linux-gnu/bin/../aarch64-none-linux-gnu/libc/usr/lib64/libc_nonshared.a
LOAD /opt/arm-gnu-toolchain-15.2.rel1-x86_64-aarch64-none-linux-gnu/bin/../aarch64-none-linux-gnu/libc/lib/ld-linux-aarch64.so.1
END GROUP
LOAD /opt/arm-gnu-toolchain-15.2.rel1-x86_64-aarch64-none-linux-gnu/bin/../lib/gcc/aarch64-none-linux-gnu/15.2.1/libgcc.a
LOAD /opt/arm-gnu-toolchain-15.2.rel1-x86_64-aarch64-none-linux-gnu/bin/../lib/gcc/aarch64-none-linux-gnu/15.2.1/../../../../aarch64-none-linux-gnu/lib/../lib64/libgcc_s.so
START GROUP
LOAD /opt/arm-gnu-toolchain-15.2.rel1-x86_64-aarch64-none-linux-gnu/bin/../lib/gcc/aarch64-none-linux-gnu/15.2.1/../../../../aarch64-none-linux-gnu/lib/../lib64/libgcc_s.so.1
LOAD /opt/arm-gnu-toolchain-15.2.rel1-x86_64-aarch64-none-linux-gnu/bin/../lib/gcc/aarch64-none-linux-gnu/15.2.1/libgcc.a
END GROUP
LOAD /opt/arm-gnu-toolchain-15.2.rel1-x86_64-aarch64-none-linux-gnu/bin/../lib/gcc/aarch64-none-linux-gnu/15.2.1/crtend.o
LOAD /opt/arm-gnu-toolchain-15.2.rel1-x86_64-aarch64-none-linux-gnu/bin/../aarch64-none-linux-gnu/libc/usr/lib/../lib64/crtn.o
                [!provide]                        PROVIDE (__executable_start = SEGMENT_START ("text-segment", 0x400000))
                0x0000000000400238                . = (SEGMENT_START ("text-segment", 0x400000) + SIZEOF_HEADERS)

.note.gnu.build-id
 *(.note.gnu.build-id)

.interp         0x0000000000400238       0x1b
 *(.interp)
 .interp        0x0000000000400238       0x1b /opt/arm-gnu-toolchain-15.2.rel1-x86_64-aarch64-none-linux-gnu/bin/../aarch64-none-linux-gnu/libc/usr/lib/../lib64/crt1.o

.hash           0x0000000000400258       0x54
 *(.hash)
 .hash          0x0000000000400258       0x54 /opt/arm-gnu-toolchain-15.2.rel1-x86_64-aarch64-none-linux-gnu/bin/../aarch64-none-linux-gnu/libc/usr/lib/../lib64/crt1.o

.gnu.hash       0x00000000004002b0       0x24
 *(.gnu.hash)
 .gnu.hash      0x00000000004002b0       0x24 /opt/arm-gnu-toolchain-15.2.rel1-x86_64-aarch64-none-linux-gnu/bin/../aarch64-none-linux-gnu/libc/usr/lib/../lib64/crt1.o

.dynsym         0x00000000004002d8      0x180
 *(.dynsym)
 .dynsym        0x00000000004002d8      0x180 /opt/arm-gnu-toolchain-15.2.rel1-x86_64-aarch64-none-linux-gnu/bin/../aarch64-none-linux-gnu/libc/usr/lib/../lib64/crt1.o

.dynstr         0x0000000000400458       0xbe
 *(.dynstr)
 .dynstr        0x0000000000400458       0xbe /opt/arm-gnu-toolchain-15.2.rel1-x86_64-aarch64-none-linux-gnu/bin/../aarch64-none-linux-gnu/libc/usr/lib/../lib64/crt1.o

.gnu.version    0x0000000000400516       0x20
 *(.gnu.version)
 .gnu.version   0x0000000000400516       0x20 /opt/arm-gnu-toolchain-15.2.rel1-x86_64-aarch64-none-linux-gnu/bin/../aarch64-none-linux-gnu/libc/usr/lib/../lib64/crt1.o

.gnu.version_d  0x0000000000400538        0x0
 *(.gnu.version_d)
 .gnu.version_d
                0x0000000000400538        0x0 /opt/arm-gnu-toolchain-15.2.rel1-x86_64-aarch64-none-linux-gnu/bin/../aarch64-none-linux-gnu/libc/usr/lib/../lib64/crt1.o

.gnu.version_r  0x0000000000400538       0x30
 *(.gnu.version_r)
 .gnu.version_r
                0x0000000000400538       0x30 /opt/arm-gnu-toolchain-15.2.rel1-x86_64-aarch64-none-linux-gnu/bin/../aarch64-none-linux-gnu/libc/usr/lib/../lib64/crt1.o

.rela.dyn       0x0000000000400568       0x60
 *(.rela.init)
 *(.rela.text .rela.text.* .rela.gnu.linkonce.t.*)
 .rela.text     0x0000000000400568        0x0 /opt/arm-gnu-toolchain-15.2.rel1-x86_64-aarch64-none-linux-gnu/bin/../aarch64-none-linux-gnu/libc/usr/lib/../lib64/crt1.o
 *(.rela.fini)
 *(.rela.rodata .rela.rodata.* .rela.gnu.linkonce.r.*)
 *(.rela.data .rela.data.* .rela.gnu.linkonce.d.*)
 .rela.data.rel.ro
                0x0000000000400568        0x0 /opt/arm-gnu-toolchain-15.2.rel1-x86_64-aarch64-none-linux-gnu/bin/../aarch64-none-linux-gnu/libc/usr/lib/../lib64/crt1.o
 *(.rela.tdata .rela.tdata.* .rela.gnu.linkonce.td.*)
 *(.rela.tbss .rela.tbss.* .rela.gnu.linkonce.tb.*)
 *(.rela.ctors)
 *(.rela.dtors)
 *(.rela.got)
 .rela.got      0x0000000000400568       0x48 /opt/arm-gnu-toolchain-15.2.rel1-x86_64-aarch64-none-linux-gnu/bin/../aarch64-none-linux-gnu/libc/usr/lib/../lib64/crt1.o
 *(.rela.bss .rela.bss.* .rela.gnu.linkonce.b.*)
 .rela.bss      0x00000000004005b0       0x18 /opt/arm-gnu-toolchain-15.2.rel1-x86_64-aarch64-none-linux-gnu/bin/../aarch64-none-linux-gnu/libc/usr/lib/../lib64/crt1.o
 *(.rela.ifunc)

.rela.plt       0x00000000004005c8      0x120
 *(.rela.plt)
 .rela.plt      0x00000000004005c8      0x120 /opt/arm-gnu-toolchain-15.2.rel1-x86_64-aarch64-none-linux-gnu/bin/../aarch64-none-linux-gnu/libc/usr/lib/../lib64/crt1.o
                [!provide]                        PROVIDE (__rela_iplt_start = .)
 *(.rela.iplt)
 .rela.iplt     0x00000000004006e8        0x0 /opt/arm-gnu-toolchain-15.2.rel1-x86_64-aarch64-none-linux-gnu/bin/../aarch64-none-linux-gnu/libc/usr/lib/../lib64/crt1.o
                [!provide]                        PROVIDE (__rela_iplt_end = .)

.relr.dyn
 *(.relr.dyn)

.init           0x00000000004006e8       0x1c
 *(SORT_NONE(.init))
 .init          0x00000000004006e8       0x10 /opt/arm-gnu-toolchain-15.2.rel1-x86_64-aarch64-none-linux-gnu/bin/../aarch64-none-linux-gnu/libc/usr/lib/../lib64/crti.o
                0x00000000004006e8                _init
 .init          0x00000000004006f8        0xc /opt/arm-gnu-toolchain-15.2.rel1-x86_64-aarch64-none-linux-gnu/bin/../aarch64-none-linux-gnu/libc/usr/lib/../lib64/crtn.o

.plt            0x0000000000400710       0xe0
 *(.plt)
 .plt           0x0000000000400710       0xe0 /opt/arm-gnu-toolchain-15.2.rel1-x86_64-aarch64-none-linux-gnu/bin/../aarch64-none-linux-gnu/libc/usr/lib/../lib64/crt1.o
                0x0000000000400730                strlen@@GLIBC_2.17
                0x0000000000400740                syslog@@GLIBC_2.17
                0x0000000000400750                __libc_start_main@@GLIBC_2.34
                0x0000000000400760                closelog@@GLIBC_2.17
                0x0000000000400770                open@@GLIBC_2.17
                0x0000000000400780                close@@GLIBC_2.17
                0x00000000004007a0                write@@GLIBC_2.17
                0x00000000004007b0                abort@@GLIBC_2.17
                0x00000000004007c0                openlog@@GLIBC_2.17
                0x00000000004007d0                fwrite@@GLIBC_2.17
                0x00000000004007e0                fprintf@@GLIBC_2.17
 *(.iplt)
 .iplt          0x00000000004007f0        0x0 /opt/arm-gnu-toolchain-15.2.rel1-x86_64-aarch64-none-linux-gnu/bin/../aarch64-none-linux-gnu/libc/usr/lib/../lib64/crt1.o

.text           0x0000000000400800      0x2a8
 *(.text.unlikely .text.*_unlikely .text.unlikely.*)
 *(.text.exit .text.exit.*)
 *(.text.startup .text.startup.*)
 *(.text.hot .text.hot.*)
 *(SORT_BY_NAME(.text.sorted.*))
 *(.text .stub .text.* .gnu.linkonce.t.*)
 .text          0x0000000000400800       0x44 /opt/arm-gnu-toolchain-15.2.rel1-x86_64-aarch64-none-linux-gnu/bin/../aarch64-none-linux-gnu/libc/usr/lib/../lib64/crt1.o
                0x0000000000400800                _start
                0x0000000000400840                _dl_relocate_static_pie
 .text          0x0000000000400844       0x14 /opt/arm-gnu-toolchain-15.2.rel1-x86_64-aarch64-none-linux-gnu/bin/../aarch64-none-linux-gnu/libc/usr/lib/../lib64/crti.o
 *fill*         0x0000000000400858        0x8 1f2003d5
 .text          0x0000000000400860       0xa4 /opt/arm-gnu-toolchain-15.2.rel1-x86_64-aarch64-none-linux-gnu/bin/../lib/gcc/aarch64-none-linux-gnu/15.2.1/crtbegin.o
 .text          0x0000000000400904      0x1a4 writer.o
                0x0000000000400904                main
 .text          0x0000000000400aa8        0x0 /opt/arm-gnu-toolchain-15.2.rel1-x86_64-aarch64-none-linux-gnu/bin/../lib/gcc/aarch64-none-linux-gnu/15.2.1/crtend.o
 .text          0x0000000000400aa8        0x0 /opt/arm-gnu-toolchain-15.2.rel1-x86_64-aarch64-none-linux-gnu/bin/../aarch64-none-linux-gnu/libc/usr/lib/../lib64/crtn.o
 *(.gnu.warning)

.fini           0x0000000000400aa8       0x18
 *(SORT_NONE(.fini))
 .fini          0x0000000000400aa8        0xc /opt/arm-gnu-toolchain-15.2.rel1-x86_64-aarch64-none-linux-gnu/bin/../aarch64-none-linux-gnu/libc/usr/lib/../lib64/crti.o
                0x0000000000400aa8                _fini
 .fini          0x0000000000400ab4        0xc /opt/arm-gnu-toolchain-15.2.rel1-x86_64-aarch64-none-linux-gnu/bin/../aarch64-none-linux-gnu/libc/usr/lib/../lib64/crtn.o
                [!provide]                        PROVIDE (__etext = .)
                [!provide]                        PROVIDE (_etext = .)
                [!provide]                        PROVIDE (etext = .)

.rodata         0x0000000000400ac0       0xf6
 *(.rodata .rodata.* .gnu.linkonce.r.*)
 .rodata.cst4   0x0000000000400ac0        0x4 /opt/arm-gnu-toolchain-15.2.rel1-x86_64-aarch64-none-linux-gnu/bin/../aarch64-none-linux-gnu/libc/usr/lib/../lib64/crt1.o
                0x0000000000400ac0                _IO_stdin_used
 *fill*         0x0000000000400ac4        0x4 
 .rodata        0x0000000000400ac8       0xee writer.o

.rodata1
 *(.rodata1)

.eh_frame_hdr   0x0000000000400bb8       0x44
 *(.eh_frame_hdr)
 .eh_frame_hdr  0x0000000000400bb8       0x44 /opt/arm-gnu-toolchain-15.2.rel1-x86_64-aarch64-none-linux-gnu/bin/../aarch64-none-linux-gnu/libc/usr/lib/../lib64/crt1.o
                0x0000000000400bb8                __GNU_EH_FRAME_HDR
 *(.eh_frame_entry .eh_frame_entry.*)

.eh_frame       0x0000000000400c00       0xc4
 *(.eh_frame)
 .eh_frame      0x0000000000400c00       0x40 /opt/arm-gnu-toolchain-15.2.rel1-x86_64-aarch64-none-linux-gnu/bin/../aarch64-none-linux-gnu/libc/usr/lib/../lib64/crt1.o
                                         0x50 (size before relaxing)
 .eh_frame      0x0000000000400c40       0x60 /opt/arm-gnu-toolchain-15.2.rel1-x86_64-aarch64-none-linux-gnu/bin/../lib/gcc/aarch64-none-linux-gnu/15.2.1/crtbegin.o
                                         0x78 (size before relaxing)
 .eh_frame      0x0000000000400ca0       0x20 writer.o
                                         0x38 (size before relaxing)
 .eh_frame      0x0000000000400cc0        0x4 /opt/arm-gnu-toolchain-15.2.rel1-x86_64-aarch64-none-linux-gnu/bin/../lib/gcc/aarch64-none-linux-gnu/15.2.1/crtend.o
 *(.eh_frame.*)

.sframe
 *(.sframe)
 *(.sframe.*)

.gcc_except_table
 *(.gcc_except_table .gcc_except_table.*)

.gnu_extab
 *(.gnu_extab*)

.exception_ranges
 *(.exception_ranges*)

.note.build-id
 *(.note.build-id)

.note.GNU-stack
                0x0000000000400cc4        0x0
 *(.note.GNU-stack)
 .note.GNU-stack
                0x0000000000400cc4        0x0 /opt/arm-gnu-toolchain-15.2.rel1-x86_64-aarch64-none-linux-gnu/bin/../aarch64-none-linux-gnu/libc/usr/lib/../lib64/crt1.o
 .note.GNU-stack
                0x0000000000400cc4        0x0 /opt/arm-gnu-toolchain-15.2.rel1-x86_64-aarch64-none-linux-gnu/bin/../aarch64-none-linux-gnu/libc/usr/lib/../lib64/crti.o
 .note.GNU-stack
                0x0000000000400cc4        0x0 /opt/arm-gnu-toolchain-15.2.rel1-x86_64-aarch64-none-linux-gnu/bin/../lib/gcc/aarch64-none-linux-gnu/15.2.1/crtbegin.o
 .note.GNU-stack
                0x0000000000400cc4        0x0 writer.o
 .note.GNU-stack
                0x0000000000400cc4        0x0 /opt/arm-gnu-toolchain-15.2.rel1-x86_64-aarch64-none-linux-gnu/bin/../lib/gcc/aarch64-none-linux-gnu/15.2.1/crtend.o
 .note.GNU-stack
                0x0000000000400cc4        0x0 /opt/arm-gnu-toolchain-15.2.rel1-x86_64-aarch64-none-linux-gnu/bin/../aarch64-none-linux-gnu/libc/usr/lib/../lib64/crtn.o

.note.gnu-property
 *(.note.gnu-property)

.note.ABI-tag   0x0000000000400cc4       0x20
 *(.note.ABI-tag)
 .note.ABI-tag  0x0000000000400cc4       0x20 /opt/arm-gnu-toolchain-15.2.rel1-x86_64-aarch64-none-linux-gnu/bin/../aarch64-none-linux-gnu/libc/usr/lib/../lib64/crt1.o

.note.package
 *(.note.package)

.note.dlopen
 *(.note.dlopen)

.note.netbsd.ident
 *(.note.netbsd.ident)

.note.openbsd.ident
 *(.note.openbsd.ident)
                0x000000000041fdd8                . = DATA_SEGMENT_ALIGN (CONSTANT (MAXPAGESIZE), CONSTANT (COMMONPAGESIZE))

.eh_frame
 *(.eh_frame)
 *(.eh_frame.*)

.sframe
 *(.sframe)
 *(.sframe.*)

.gnu_extab
 *(.gnu_extab)

.gcc_except_table
 *(.gcc_except_table .gcc_except_table.*)

.exception_ranges
 *(.exception_ranges*)

.tdata          0x000000000041fdd8        0x0
                [!provide]                        PROVIDE (__tdata_start = .)
 *(.tdata .tdata.* .gnu.linkonce.td.*)

.tbss
 *(.tbss .tbss.* .gnu.linkonce.tb.*)
 *(.tcommon)

.preinit_array  0x000000000041fdd8        0x0
                [!provide]                        PROVIDE (__preinit_array_start = .)
 *(.preinit_array)
                [!provide]                        PROVIDE (__preinit_array_end = .)

.init_array     0x000000000041fdd8        0x8
                [!provide]                        PROVIDE (__init_array_start = .)
 *(SORT_BY_INIT_PRIORITY(.init_array.*) SORT_BY_INIT_PRIORITY(.ctors.*))
 *(.init_array EXCLUDE_FILE(*crtend?.o *crtend.o *crtbegin?.o *crtbegin.o) .ctors)
 .init_array    0x000000000041fdd8        0x8 /opt/arm-gnu-toolchain-15.2.rel1-x86_64-aarch64-none-linux-gnu/bin/../lib/gcc/aarch64-none-linux-gnu/15.2.1/crtbegin.o
                [!provide]                        PROVIDE (__init_array_end = .)

.fini_array     0x000000000041fde0        0x8
                [!provide]                        PROVIDE (__fini_array_start = .)
 *(SORT_BY_INIT_PRIORITY(.fini_array.*) SORT_BY_INIT_PRIORITY(.dtors.*))
 *(.fini_array EXCLUDE_FILE(*crtend?.o *crtend.o *crtbegin?.o *crtbegin.o) .dtors)
 .fini_array    0x000000000041fde0        0x8 /opt/arm-gnu-toolchain-15.2.rel1-x86_64-aarch64-none-linux-gnu/bin/../lib/gcc/aarch64-none-linux-gnu/15.2.1/crtbegin.o
                [!provide]                        PROVIDE (__fini_array_end = .)

.ctors
 *crtbegin.o(.ctors)
 *crtbegin?.o(.ctors)
 *(EXCLUDE_FILE(*crtend?.o *crtend.o) .ctors)
 *(SORT_BY_NAME(.ctors.*))
 *(.ctors)

.dtors
 *crtbegin.o(.dtors)
 *crtbegin?.o(.dtors)
 *(EXCLUDE_FILE(*crtend?.o *crtend.o) .dtors)
 *(SORT_BY_NAME(.dtors.*))
 *(.dtors)

.jcr
 *(.jcr)

.data.rel.ro    0x000000000041fde8        0x0
 *(.data.rel.ro.local* .gnu.linkonce.d.rel.ro.local.*)
 *(.data.rel.ro .data.rel.ro.* .gnu.linkonce.d.rel.ro.*)
 .data.rel.ro   0x000000000041fde8        0x0 /opt/arm-gnu-toolchain-15.2.rel1-x86_64-aarch64-none-linux-gnu/bin/../aarch64-none-linux-gnu/libc/usr/lib/../lib64/crt1.o

.dynamic        0x000000000041fde8      0x1e0
 *(.dynamic)
 .dynamic       0x000000000041fde8      0x1e0 /opt/arm-gnu-toolchain-15.2.rel1-x86_64-aarch64-none-linux-gnu/bin/../aarch64-none-linux-gnu/libc/usr/lib/../lib64/crt1.o
                0x000000000041fde8                _DYNAMIC

.got            0x000000000041ffc8       0x20
 *(.got)
 .got           0x000000000041ffc8       0x20 /opt/arm-gnu-toolchain-15.2.rel1-x86_64-aarch64-none-linux-gnu/bin/../aarch64-none-linux-gnu/libc/usr/lib/../lib64/crt1.o
                0x000000000041ffc8                _GLOBAL_OFFSET_TABLE_
 *(.igot)
                0x000000000041ffe8                . = DATA_SEGMENT_RELRO_END (., 0x18)

.got.plt        0x000000000041ffe8       0x78
 *(.got.plt)
 .got.plt       0x000000000041ffe8       0x78 /opt/arm-gnu-toolchain-15.2.rel1-x86_64-aarch64-none-linux-gnu/bin/../aarch64-none-linux-gnu/libc/usr/lib/../lib64/crt1.o
 *(.igot.plt)
 .igot.plt      0x0000000000420060        0x0 /opt/arm-gnu-toolchain-15.2.rel1-x86_64-aarch64-none-linux-gnu/bin/../aarch64-none-linux-gnu/libc/usr/lib/../lib64/crt1.o

.data           0x0000000000420060       0x10
                [!provide]                        PROVIDE (__data_start = .)
 *(.data .data.* .gnu.linkonce.d.*)
 .data          0x0000000000420060        0x4 /opt/arm-gnu-toolchain-15.2.rel1-x86_64-aarch64-none-linux-gnu/bin/../aarch64-none-linux-gnu/libc/usr/lib/../lib64/crt1.o
                0x0000000000420060                data_start
                0x0000000000420060                __data_start
 .data          0x0000000000420064        0x0 /opt/arm-gnu-toolchain-15.2.rel1-x86_64-aarch64-none-linux-gnu/bin/../aarch64-none-linux-gnu/libc/usr/lib/../lib64/crti.o
 *fill*         0x0000000000420064        0x4 
 .data          0x0000000000420068        0x8 /opt/arm-gnu-toolchain-15.2.rel1-x86_64-aarch64-none-linux-gnu/bin/../lib/gcc/aarch64-none-linux-gnu/15.2.1/crtbegin.o
                0x0000000000420068                __dso_handle
 .data          0x0000000000420070        0x0 writer.o
 .data          0x0000000000420070        0x0 /opt/arm-gnu-toolchain-15.2.rel1-x86_64-aarch64-none-linux-gnu/bin/../lib/gcc/aarch64-none-linux-gnu/15.2.1/crtend.o
 .data          0x0000000000420070        0x0 /opt/arm-gnu-toolchain-15.2.rel1-x86_64-aarch64-none-linux-gnu/bin/../aarch64-none-linux-gnu/libc/usr/lib/../lib64/crtn.o

.tm_clone_table
                0x0000000000420070        0x0
 .tm_clone_table
                0x0000000000420070        0x0 /opt/arm-gnu-toolchain-15.2.rel1-x86_64-aarch64-none-linux-gnu/bin/../lib/gcc/aarch64-none-linux-gnu/15.2.1/crtbegin.o
 .tm_clone_table
                0x0000000000420070        0x0 /opt/arm-gnu-toolchain-15.2.rel1-x86_64-aarch64-none-linux-gnu/bin/../lib/gcc/aarch64-none-linux-gnu/15.2.1/crtend.o

.data1
 *(.data1)
                0x0000000000420070                _edata = .
                [!provide]                        PROVIDE (edata = .)
                0x0000000000420070                . = ALIGN (ALIGNOF (NEXT_SECTION))
                0x0000000000420070                __bss_start = .
                0x0000000000420070                __bss_start__ = .

.bss            0x0000000000420070       0x10
 *(.dynbss)
 .dynbss        0x0000000000420070        0x8 /opt/arm-gnu-toolchain-15.2.rel1-x86_64-aarch64-none-linux-gnu/bin/../aarch64-none-linux-gnu/libc/usr/lib/../lib64/crt1.o
                0x0000000000420070                stderr@@GLIBC_2.17
 *(.bss .bss.* .gnu.linkonce.b.*)
 .bss           0x0000000000420078        0x0 /opt/arm-gnu-toolchain-15.2.rel1-x86_64-aarch64-none-linux-gnu/bin/../aarch64-none-linux-gnu/libc/usr/lib/../lib64/crt1.o
 .bss           0x0000000000420078        0x0 /opt/arm-gnu-toolchain-15.2.rel1-x86_64-aarch64-none-linux-gnu/bin/../aarch64-none-linux-gnu/libc/usr/lib/../lib64/crti.o
 .bss           0x0000000000420078        0x1 /opt/arm-gnu-toolchain-15.2.rel1-x86_64-aarch64-none-linux-gnu/bin/../lib/gcc/aarch64-none-linux-gnu/15.2.1/crtbegin.o
 .bss           0x0000000000420079        0x0 writer.o
 .bss           0x0000000000420079        0x0 /opt/arm-gnu-toolchain-15.2.rel1-x86_64-aarch64-none-linux-gnu/bin/../lib/gcc/aarch64-none-linux-gnu/15.2.1/crtend.o
 .bss           0x0000000000420079        0x0 /opt/arm-gnu-toolchain-15.2.rel1-x86_64-aarch64-none-linux-gnu/bin/../aarch64-none-linux-gnu/libc/usr/lib/../lib64/crtn.o
 *(COMMON)
                0x0000000000420080                . = ALIGN ((. != 0x0)?0x8:0x1)
 *fill*         0x0000000000420079        0x7 
                0x0000000000420080                _bss_end__ = .
                0x0000000000420080                __bss_end__ = .
                0x0000000000420080                . = ALIGN (0x8)
                0x0000000000420080                . = SEGMENT_START ("ldata-segment", .)
                0x0000000000420080                . = ALIGN (0x8)
                0x0000000000420080                __end__ = .
                0x0000000000420080                _end = .
                [!provide]                        PROVIDE (end = .)
                0x0000000000420080                . = DATA_SEGMENT_END (.)

.stab
 *(.stab)

.stabstr
 *(.stabstr)

.stab.excl
 *(.stab.excl)

.stab.exclstr
 *(.stab.exclstr)

.stab.index
 *(.stab.index)

.stab.indexstr
 *(.stab.indexstr)

.comment        0x0000000000000000       0x45
 *(.comment)
 .comment       0x0000000000000000       0x45 /opt/arm-gnu-toolchain-15.2.rel1-x86_64-aarch64-none-linux-gnu/bin/../aarch64-none-linux-gnu/libc/usr/lib/../lib64/crt1.o
                                         0xd2 (size before relaxing)
 .comment       0x0000000000000045        0x0 /opt/arm-gnu-toolchain-15.2.rel1-x86_64-aarch64-none-linux-gnu/bin/../lib/gcc/aarch64-none-linux-gnu/15.2.1/crtbegin.o
                                         0x46 (size before relaxing)
 .comment       0x0000000000000045        0x0 writer.o
                                         0x46 (size before relaxing)
 .comment       0x0000000000000045        0x0 /opt/arm-gnu-toolchain-15.2.rel1-x86_64-aarch64-none-linux-gnu/bin/../lib/gcc/aarch64-none-linux-gnu/15.2.1/crtend.o
                                         0x46 (size before relaxing)

.gnu.build.attributes
 *(.gnu.build.attributes .gnu.build.attributes.*)

.debug
 *(.debug)

.line
 *(.line)

.debug_srcinfo
 *(.debug_srcinfo)

.debug_sfnames
 *(.debug_sfnames)

.debug_aranges  0x0000000000000000      0x160
 *(.debug_aranges)
 .debug_aranges
                0x0000000000000000       0xa0 /opt/arm-gnu-toolchain-15.2.rel1-x86_64-aarch64-none-linux-gnu/bin/../aarch64-none-linux-gnu/libc/usr/lib/../lib64/crt1.o
 .debug_aranges
                0x00000000000000a0       0x50 /opt/arm-gnu-toolchain-15.2.rel1-x86_64-aarch64-none-linux-gnu/bin/../aarch64-none-linux-gnu/libc/usr/lib/../lib64/crti.o
 .debug_aranges
                0x00000000000000f0       0x30 writer.o
 .debug_aranges
                0x0000000000000120       0x40 /opt/arm-gnu-toolchain-15.2.rel1-x86_64-aarch64-none-linux-gnu/bin/../aarch64-none-linux-gnu/libc/usr/lib/../lib64/crtn.o

.debug_pubnames
 *(.debug_pubnames)

.debug_info     0x0000000000000000      0x716
 *(.debug_info .gnu.linkonce.wi.*)
 .debug_info    0x0000000000000000      0x2b0 /opt/arm-gnu-toolchain-15.2.rel1-x86_64-aarch64-none-linux-gnu/bin/../aarch64-none-linux-gnu/libc/usr/lib/../lib64/crt1.o
 .debug_info    0x00000000000002b0       0x34 /opt/arm-gnu-toolchain-15.2.rel1-x86_64-aarch64-none-linux-gnu/bin/../aarch64-none-linux-gnu/libc/usr/lib/../lib64/crti.o
 .debug_info    0x00000000000002e4      0x40f writer.o
 .debug_info    0x00000000000006f3       0x23 /opt/arm-gnu-toolchain-15.2.rel1-x86_64-aarch64-none-linux-gnu/bin/../aarch64-none-linux-gnu/libc/usr/lib/../lib64/crtn.o

.debug_abbrev   0x0000000000000000      0x311
 *(.debug_abbrev)
 .debug_abbrev  0x0000000000000000      0x155 /opt/arm-gnu-toolchain-15.2.rel1-x86_64-aarch64-none-linux-gnu/bin/../aarch64-none-linux-gnu/libc/usr/lib/../lib64/crt1.o
 .debug_abbrev  0x0000000000000155       0x24 /opt/arm-gnu-toolchain-15.2.rel1-x86_64-aarch64-none-linux-gnu/bin/../aarch64-none-linux-gnu/libc/usr/lib/../lib64/crti.o
 .debug_abbrev  0x0000000000000179      0x186 writer.o
 .debug_abbrev  0x00000000000002ff       0x12 /opt/arm-gnu-toolchain-15.2.rel1-x86_64-aarch64-none-linux-gnu/bin/../aarch64-none-linux-gnu/libc/usr/lib/../lib64/crtn.o

.debug_line     0x0000000000000000      0x2f7
 *(.debug_line .debug_line.* .debug_line_end)
 .debug_line    0x0000000000000000      0x133 /opt/arm-gnu-toolchain-15.2.rel1-x86_64-aarch64-none-linux-gnu/bin/../aarch64-none-linux-gnu/libc/usr/lib/../lib64/crt1.o
 .debug_line    0x0000000000000133       0x7e /opt/arm-gnu-toolchain-15.2.rel1-x86_64-aarch64-none-linux-gnu/bin/../aarch64-none-linux-gnu/libc/usr/lib/../lib64/crti.o
 .debug_line    0x00000000000001b1       0xe2 writer.o
 .debug_line    0x0000000000000293       0x64 /opt/arm-gnu-toolchain-15.2.rel1-x86_64-aarch64-none-linux-gnu/bin/../aarch64-none-linux-gnu/libc/usr/lib/../lib64/crtn.o

.debug_frame
 *(.debug_frame)

.debug_str      0x0000000000000000      0x5c0
 *(.debug_str)
 .debug_str     0x0000000000000000      0x5c0 /opt/arm-gnu-toolchain-15.2.rel1-x86_64-aarch64-none-linux-gnu/bin/../aarch64-none-linux-gnu/libc/usr/lib/../lib64/crt1.o
                                        0x51c (size before relaxing)
 .debug_str     0x00000000000005c0        0x0 /opt/arm-gnu-toolchain-15.2.rel1-x86_64-aarch64-none-linux-gnu/bin/../aarch64-none-linux-gnu/libc/usr/lib/../lib64/crti.o
                                         0x78 (size before relaxing)
 .debug_str     0x00000000000005c0        0x0 writer.o
                                        0x2f8 (size before relaxing)
 .debug_str     0x00000000000005c0        0x0 /opt/arm-gnu-toolchain-15.2.rel1-x86_64-aarch64-none-linux-gnu/bin/../aarch64-none-linux-gnu/libc/usr/lib/../lib64/crtn.o
                                         0x6b (size before relaxing)

.debug_loc
 *(.debug_loc)

.debug_macinfo
 *(.debug_macinfo)

.debug_weaknames
 *(.debug_weaknames)

.debug_funcnames
 *(.debug_funcnames)

.debug_typenames
 *(.debug_typenames)

.debug_varnames
 *(.debug_varnames)

.debug_pubtypes
 *(.debug_pubtypes)

.debug_ranges
 *(.debug_ranges)

.debug_addr
 *(.debug_addr)

.debug_line_str
                0x0000000000000000      0x379
 *(.debug_line_str)
 .debug_line_str
                0x0000000000000000      0x379 /opt/arm-gnu-toolchain-15.2.rel1-x86_64-aarch64-none-linux-gnu/bin/../aarch64-none-linux-gnu/libc/usr/lib/../lib64/crt1.o
                                        0x29b (size before relaxing)
 .debug_line_str
                0x0000000000000379        0x0 /opt/arm-gnu-toolchain-15.2.rel1-x86_64-aarch64-none-linux-gnu/bin/../aarch64-none-linux-gnu/libc/usr/lib/../lib64/crti.o
                                         0x5d (size before relaxing)
 .debug_line_str
                0x0000000000000379        0x0 writer.o
                                        0x301 (size before relaxing)
 .debug_line_str
                0x0000000000000379        0x0 /opt/arm-gnu-toolchain-15.2.rel1-x86_64-aarch64-none-linux-gnu/bin/../aarch64-none-linux-gnu/libc/usr/lib/../lib64/crtn.o
                                         0x5d (size before relaxing)

.debug_loclists
 *(.debug_loclists)

.debug_macro
 *(.debug_macro)

.debug_names
 *(.debug_names)

.debug_rnglists
                0x0000000000000000       0x4c
 *(.debug_rnglists)
 .debug_rnglists
                0x0000000000000000       0x2b /opt/arm-gnu-toolchain-15.2.rel1-x86_64-aarch64-none-linux-gnu/bin/../aarch64-none-linux-gnu/libc/usr/lib/../lib64/crti.o
 .debug_rnglists
                0x000000000000002b       0x21 /opt/arm-gnu-toolchain-15.2.rel1-x86_64-aarch64-none-linux-gnu/bin/../aarch64-none-linux-gnu/libc/usr/lib/../lib64/crtn.o

.debug_str_offsets
 *(.debug_str_offsets)

.debug_sup
 *(.debug_sup)

.ARM.attributes
 *(.ARM.attributes)
 *(.gnu.attributes)

.note.gnu.arm.ident
 *(.note.gnu.arm.ident)

/DISCARD/
 *(.note.GNU-stack)
 *(.gnu_debuglink)
 *(.gnu.lto_*)
 *(.gnu_object_only)
OUTPUT(writer elf64-littleaarch64)
LOAD linker stubs
